Using device: cuda
Split root: C:\Users\admin\Desktop\Strawberry-RUL-prediction\data\03_split\strawberry
AMP enabled: True
Train sequences: 2594
Val sequences:   593
Test sequences:  667
Model C tuned config:
  fusion_mode=late_env_branch
  temporal_pooling=last_mean_max
  seq_len=10
  loss=smooth_l1
  freeze_backbone=True
  total_params=4,962,399
  trainable_params=954,851

Epoch 1/8
Train MAE: 35.8595 | Val MAE: 10.8357 | Val RMSE: 20.1966
  >> Saved best checkpoint, val_mae=10.8357

Epoch 2/8
Train MAE: 20.8550 | Val MAE: 6.7228 | Val RMSE: 12.9711
  >> Saved best checkpoint, val_mae=6.7228

Epoch 3/8
Train MAE: 16.1232 | Val MAE: 5.1509 | Val RMSE: 9.0381
  >> Saved best checkpoint, val_mae=5.1509

Epoch 4/8
Train MAE: 13.8579 | Val MAE: 7.1036 | Val RMSE: 13.1579
  No improvement for 1/3 epoch(s)

Epoch 5/8
