Started: 2026-07-30T10:04:03
Interpreter: C:\Users\admin\Desktop\Strawberry-RUL-prediction\.venv\Scripts\python.exe
Command: C:\Users\admin\Desktop\Strawberry-RUL-prediction\.venv\Scripts\python.exe -u C:\Users\admin\Desktop\Strawberry-RUL-prediction\src\strawberry\stage4_training\model_A\train_tuned.py --epochs 3 --patience 3 --seq-len 10 --batch-size 128 --learning-rate 0.0007 --weight-decay 0.0003 --dropout 0.4 --env-hidden-size 32 --fusion-mode late_env_branch --temporal-pooling last_mean_max --loss smooth_l1 --smooth-l1-beta 8.0 --num-workers 2 --prefetch-factor 2 --run-name batch128_lr7e4 --seed 42

Using device: cuda
Split root: C:\Users\admin\Desktop\Strawberry-RUL-prediction\data\03_split\strawberry
AMP enabled: True
Train sequences: 2594
Val sequences:   593
Test sequences:  667
Model A tuned config:
  run_name=batch128_lr7e4
  fusion_mode=late_env_branch
  temporal_pooling=last_mean_max
  seq_len=10
  batch_size=128
  loss=smooth_l1
  learning_rate=0.0007
  weight_decay=0.0003
  dropout=0.4
  num_workers=2
  freeze_backbone=True
  total_params=4,781,919
  trainable_params=774,371

Epoch 1/3
Training:   0%|          | 0/21 [00:00<?, ?it/s]Training:   0%|          | 0/21 [00:10<?, ?it/s]Training:   5%|4         | 1/21 [01:31<30:33, 91.70s/it]Training:  10%|9         | 2/21 [01:34<14:59, 47.34s/it]
Traceback (most recent call last):
  File "C:\Users\admin\Desktop\Strawberry-RUL-prediction\src\strawberry\stage4_training\model_A\train_tuned.py", line 514, in <module>
    train(parse_args())
  File "C:\Users\admin\Desktop\Strawberry-RUL-prediction\src\strawberry\stage4_training\model_A\train_tuned.py", line 348, in train
    train_metrics = run_epoch(
  File "C:\Users\admin\Desktop\Strawberry-RUL-prediction\src\strawberry\stage4_training\model_A\train_tuned.py", line 177, in run_epoch
    for images, envs, ruls in tqdm(
  File "C:\Users\admin\Desktop\Strawberry-RUL-prediction\.venv\lib\site-packages\tqdm\std.py", line 1188, in __iter__
    for obj in iterable:
  File "C:\Users\admin\Desktop\Strawberry-RUL-prediction\.venv\lib\site-packages\torch\utils\data\dataloader.py", line 733, in __next__
    data = self._next_data()
  File "C:\Users\admin\Desktop\Strawberry-RUL-prediction\.venv\lib\site-packages\torch\utils\data\dataloader.py", line 1515, in _next_data
    return self._process_data(data, worker_id)
  File "C:\Users\admin\Desktop\Strawberry-RUL-prediction\.venv\lib\site-packages\torch\utils\data\dataloader.py", line 1550, in _process_data
    data.reraise()
  File "C:\Users\admin\Desktop\Strawberry-RUL-prediction\.venv\lib\site-packages\torch\_utils.py", line 750, in reraise
    raise exception
RuntimeError: Caught RuntimeError in pin memory thread for device 0.
Original Traceback (most recent call last):
  File "C:\Users\admin\Desktop\Strawberry-RUL-prediction\.venv\lib\site-packages\torch\utils\data\_utils\pin_memory.py", line 43, in do_one_step
    data = pin_memory(data, device)
  File "C:\Users\admin\Desktop\Strawberry-RUL-prediction\.venv\lib\site-packages\torch\utils\data\_utils\pin_memory.py", line 100, in pin_memory
    clone[i] = pin_memory(item, device)
  File "C:\Users\admin\Desktop\Strawberry-RUL-prediction\.venv\lib\site-packages\torch\utils\data\_utils\pin_memory.py", line 66, in pin_memory
    return data.pin_memory(device)
RuntimeError: CUDA error: out of memory
CUDA kernel errors might be asynchronously reported at some other API call, so the stacktrace below might be incorrect.
For debugging consider passing CUDA_LAUNCH_BLOCKING=1
Compile with `TORCH_USE_CUDA_DSA` to enable device-side assertions.



Finished: 2026-07-30T10:05:53
Return code: 1
